Archive member included to satisfy reference by file (symbol)

c:/users/willo/ac6/systemworkbench/plugins/fr.ac6.mcu.externaltools.arm-none.win32_1.17.0.201812190825/tools/compiler/bin/../lib/gcc/arm-none-eabi/7.3.1/thumb/v6-m\libgcc.a(_udivsi3.o)
                              StdPeriph_Driver/src/stm32f0xx_rcc.o (__aeabi_uidiv)
c:/users/willo/ac6/systemworkbench/plugins/fr.ac6.mcu.externaltools.arm-none.win32_1.17.0.201812190825/tools/compiler/bin/../lib/gcc/arm-none-eabi/7.3.1/thumb/v6-m\libgcc.a(_dvmd_tls.o)
                              c:/users/willo/ac6/systemworkbench/plugins/fr.ac6.mcu.externaltools.arm-none.win32_1.17.0.201812190825/tools/compiler/bin/../lib/gcc/arm-none-eabi/7.3.1/thumb/v6-m\libgcc.a(_udivsi3.o) (__aeabi_idiv0)
c:/users/willo/ac6/systemworkbench/plugins/fr.ac6.mcu.externaltools.arm-none.win32_1.17.0.201812190825/tools/compiler/bin/../lib/gcc/arm-none-eabi/7.3.1/../../../../arm-none-eabi/lib/thumb/v6-m\libc.a(lib_a-errno.o)
                              src/syscalls.o (__errno)
c:/users/willo/ac6/systemworkbench/plugins/fr.ac6.mcu.externaltools.arm-none.win32_1.17.0.201812190825/tools/compiler/bin/../lib/gcc/arm-none-eabi/7.3.1/../../../../arm-none-eabi/lib/thumb/v6-m\libc.a(lib_a-exit.o)
                              c:/users/willo/ac6/systemworkbench/plugins/fr.ac6.mcu.externaltools.arm-none.win32_1.17.0.201812190825/tools/compiler/bin/../lib/gcc/arm-none-eabi/7.3.1/../../../../arm-none-eabi/lib/thumb/v6-m/crt0.o (exit)
c:/users/willo/ac6/systemworkbench/plugins/fr.ac6.mcu.externaltools.arm-none.win32_1.17.0.201812190825/tools/compiler/bin/../lib/gcc/arm-none-eabi/7.3.1/../../../../arm-none-eabi/lib/thumb/v6-m\libc.a(lib_a-impure.o)
                              c:/users/willo/ac6/systemworkbench/plugins/fr.ac6.mcu.externaltools.arm-none.win32_1.17.0.201812190825/tools/compiler/bin/../lib/gcc/arm-none-eabi/7.3.1/../../../../arm-none-eabi/lib/thumb/v6-m\libc.a(lib_a-exit.o) (_global_impure_ptr)
c:/users/willo/ac6/systemworkbench/plugins/fr.ac6.mcu.externaltools.arm-none.win32_1.17.0.201812190825/tools/compiler/bin/../lib/gcc/arm-none-eabi/7.3.1/../../../../arm-none-eabi/lib/thumb/v6-m\libc.a(lib_a-init.o)
                              c:/users/willo/ac6/systemworkbench/plugins/fr.ac6.mcu.externaltools.arm-none.win32_1.17.0.201812190825/tools/compiler/bin/../lib/gcc/arm-none-eabi/7.3.1/../../../../arm-none-eabi/lib/thumb/v6-m/crt0.o (__libc_init_array)
c:/users/willo/ac6/systemworkbench/plugins/fr.ac6.mcu.externaltools.arm-none.win32_1.17.0.201812190825/tools/compiler/bin/../lib/gcc/arm-none-eabi/7.3.1/../../../../arm-none-eabi/lib/thumb/v6-m\libc.a(lib_a-memset.o)
                              c:/users/willo/ac6/systemworkbench/plugins/fr.ac6.mcu.externaltools.arm-none.win32_1.17.0.201812190825/tools/compiler/bin/../lib/gcc/arm-none-eabi/7.3.1/../../../../arm-none-eabi/lib/thumb/v6-m/crt0.o (memset)
c:/users/willo/ac6/systemworkbench/plugins/fr.ac6.mcu.externaltools.arm-none.win32_1.17.0.201812190825/tools/compiler/bin/../lib/gcc/arm-none-eabi/7.3.1/../../../../arm-none-eabi/lib/thumb/v6-m\libc.a(lib_a-syswait.o)
                              src/main.o (wait)
c:/users/willo/ac6/systemworkbench/plugins/fr.ac6.mcu.externaltools.arm-none.win32_1.17.0.201812190825/tools/compiler/bin/../lib/gcc/arm-none-eabi/7.3.1/../../../../arm-none-eabi/lib/thumb/v6-m\libc.a(lib_a-__call_atexit.o)
                              c:/users/willo/ac6/systemworkbench/plugins/fr.ac6.mcu.externaltools.arm-none.win32_1.17.0.201812190825/tools/compiler/bin/../lib/gcc/arm-none-eabi/7.3.1/../../../../arm-none-eabi/lib/thumb/v6-m\libc.a(lib_a-exit.o) (__call_exitprocs)
c:/users/willo/ac6/systemworkbench/plugins/fr.ac6.mcu.externaltools.arm-none.win32_1.17.0.201812190825/tools/compiler/bin/../lib/gcc/arm-none-eabi/7.3.1/../../../../arm-none-eabi/lib/thumb/v6-m\libc.a(lib_a-atexit.o)
                              c:/users/willo/ac6/systemworkbench/plugins/fr.ac6.mcu.externaltools.arm-none.win32_1.17.0.201812190825/tools/compiler/bin/../lib/gcc/arm-none-eabi/7.3.1/../../../../arm-none-eabi/lib/thumb/v6-m\libc.a(lib_a-__call_atexit.o) (atexit)
c:/users/willo/ac6/systemworkbench/plugins/fr.ac6.mcu.externaltools.arm-none.win32_1.17.0.201812190825/tools/compiler/bin/../lib/gcc/arm-none-eabi/7.3.1/../../../../arm-none-eabi/lib/thumb/v6-m\libc.a(lib_a-execr.o)
                              c:/users/willo/ac6/systemworkbench/plugins/fr.ac6.mcu.externaltools.arm-none.win32_1.17.0.201812190825/tools/compiler/bin/../lib/gcc/arm-none-eabi/7.3.1/../../../../arm-none-eabi/lib/thumb/v6-m\libc.a(lib_a-syswait.o) (_wait_r)
c:/users/willo/ac6/systemworkbench/plugins/fr.ac6.mcu.externaltools.arm-none.win32_1.17.0.201812190825/tools/compiler/bin/../lib/gcc/arm-none-eabi/7.3.1/../../../../arm-none-eabi/lib/thumb/v6-m\libc.a(lib_a-fini.o)
[...]
Memory Configuration

Name             Origin             Length             Attributes
RAM              0x20000000         0x00008000         xrw
ROM              0x08000000         0x00040000         xr
*default*        0x00000000         0xffffffff

Linker script and memory map

LOAD c:/users/willo/ac6/systemworkbench/plugins/fr.ac6.mcu.externaltools.arm-none.win32_1.17.0.201812190825/tools/compiler/bin/../lib/gcc/arm-none-eabi/7.3.1/thumb/v6-m/crti.o
LOAD c:/users/willo/ac6/systemworkbench/plugins/fr.ac6.mcu.externaltools.arm-none.win32_1.17.0.201812190825/tools/compiler/bin/../lib/gcc/arm-none-eabi/7.3.1/thumb/v6-m/crtbegin.o
LOAD c:/users/willo/ac6/systemworkbench/plugins/fr.ac6.mcu.externaltools.arm-none.win32_1.17.0.201812190825/tools/compiler/bin/../lib/gcc/arm-none-eabi/7.3.1/../../../../arm-none-eabi/lib/thumb/v6-m/crt0.o
LOAD StdPeriph_Driver/src/stm32f0xx_adc.o
LOAD StdPeriph_Driver/src/stm32f0xx_can.o
LOAD StdPeriph_Driver/src/stm32f0xx_cec.o
LOAD StdPeriph_Driver/src/stm32f0xx_comp.o
LOAD StdPeriph_Driver/src/stm32f0xx_crc.o
LOAD StdPeriph_Driver/src/stm32f0xx_crs.o
LOAD StdPeriph_Driver/src/stm32f0xx_dac.o
LOAD StdPeriph_Driver/src/stm32f0xx_dbgmcu.o
LOAD StdPeriph_Driver/src/stm32f0xx_dma.o
LOAD StdPeriph_Driver/src/stm32f0xx_exti.o
LOAD StdPeriph_Driver/src/stm32f0xx_flash.o
LOAD StdPeriph_Driver/src/stm32f0xx_gpio.o
LOAD StdPeriph_Driver/src/stm32f0xx_i2c.o
LOAD StdPeriph_Driver/src/stm32f0xx_iwdg.o
LOAD StdPeriph_Driver/src/stm32f0xx_misc.o
LOAD StdPeriph_Driver/src/stm32f0xx_pwr.o
LOAD StdPeriph_Driver/src/stm32f0xx_rcc.o
LOAD StdPeriph_Driver/src/stm32f0xx_rtc.o
LOAD StdPeriph_Driver/src/stm32f0xx_spi.o
LOAD StdPeriph_Driver/src/stm32f0xx_syscfg.o
LOAD StdPeriph_Driver/src/stm32f0xx_tim.o
LOAD StdPeriph_Driver/src/stm32f0xx_usart.o
LOAD StdPeriph_Driver/src/stm32f0xx_wwdg.o
LOAD src/main.o
LOAD src/syscalls.o
LOAD src/system_stm32f0xx.o
LOAD startup/startup_stm32.o
LOAD c:/users/willo/ac6/systemworkbench/plugins/fr.ac6.mcu.externaltools.arm-none.win32_1.17.0.201812190825/tools/compiler/bin/../lib/gcc/arm-none-eabi/7.3.1/../../../../arm-none-eabi/lib/thumb/v6-m\libm.a
START GROUP
LOAD c:/users/willo/ac6/systemworkbench/plugins/fr.ac6.mcu.externaltools.arm-none.win32_1.17.0.201812190825/tools/compiler/bin/../lib/gcc/arm-none-eabi/7.3.1/thumb/v6-m\libgcc.a
LOAD c:/users/willo/ac6/systemworkbench/plugins/fr.ac6.mcu.externaltools.arm-none.win32_1.17.0.201812190825/tools/compiler/bin/../lib/gcc/arm-none-eabi/7.3.1/../../../../arm-none-eabi/lib/thumb/v6-m\libc.a
END GROUP
LOAD c:/users/willo/ac6/systemworkbench/plugins/fr.ac6.mcu.externaltools.arm-none.win32_1.17.0.201812190825/tools/compiler/bin/../lib/gcc/arm-none-eabi/7.3.1/thumb/v6-m/crtend.o
LOAD c:/users/willo/ac6/systemworkbench/plugins/fr.ac6.mcu.externaltools.arm-none.win32_1.17.0.201812190825/tools/compiler/bin/../lib/gcc/arm-none-eabi/7.3.1/thumb/v6-m/crtn.o
                0x20008000                _estack = 0x20008000
                0x00000000                _Min_Heap_Size = 0x0
                0x00000400                _Min_Stack_Size = 0x400

.isr_vector     0x08000000       0xc0
                0x08000000                . = ALIGN (0x4)
 *(.isr_vector)
 .isr_vector    0x08000000       0xc0 startup/startup_stm32.o
                0x08000000                g_pfnVectors
                0x080000c0                . = ALIGN (0x4)

.text           0x080000c0      0x7f8
                0x080000c0                . = ALIGN (0x4)
 *(.text)
 .text          0x080000c0       0x48 c:/users/willo/ac6/systemworkbench/plugins/fr.ac6.mcu.externaltools.arm-none.win32_1.17.0.201812190825/tools/compiler/bin/../lib/gcc/arm-none-eabi/7.3.1/thumb/v6-m/crtbegin.o
 .text          0x08000108      0x114 c:/users/willo/ac6/systemworkbench/plugins/fr.ac6.mcu.externaltools.arm-none.win32_1.17.0.201812190825/tools/compiler/bin/../lib/gcc/arm-none-eabi/7.3.1/thumb/v6-m\libgcc.a(_udivsi3.o)
                0x08000108                __aeabi_uidiv
                0x08000108                __udivsi3
                0x08000214                __aeabi_uidivmod
 .text          0x0800021c        0x4 c:/users/willo/ac6/systemworkbench/plugins/fr.ac6.mcu.externaltools.arm-none.win32_1.17.0.201812190825/tools/compiler/bin/../lib/gcc/arm-none-eabi/7.3.1/thumb/v6-m\libgcc.a(_dvmd_tls.o)
                0x0800021c                __aeabi_idiv0
                0x0800021c                __aeabi_ldiv0
 *(.text*)
 .text.main     0x08000220      0x2bc src/main.o
                0x08000220                main
 .text._wait    0x080004dc       0x1e src/syscalls.o
                0x080004dc                _wait
 *fill*         0x080004fa        0x2 
 .text.SystemInit
                0x080004fc       0x8c src/system_stm32f0xx.o
                0x080004fc                SystemInit
 .text.SetSysClock
                0x08000588       0xe0 src/system_stm32f0xx.o
 .text.Reset_Handler
                0x08000668       0x50 startup/startup_stm32.o
                0x08000668                Reset_Handler
 .text.Default_Handler
                0x080006b8        0x2 startup/startup_stm32.o
                0x080006b8                DMA1_CH4_5_6_7_DMA2_CH3_4_5_IRQHandler
                0x080006b8                TIM1_CC_IRQHandler
                0x080006b8                TSC_IRQHandler
                0x080006b8                HardFault_Handler
                0x080006b8                SysTick_Handler
                0x080006b8                PVD_IRQHandler
                0x080006b8                PendSV_Handler
                0x080006b8                NMI_Handler
                0x080006b8                I2C1_IRQHandler
                0x080006b8                RCC_CRS_IRQHandler
                0x080006b8                SPI1_IRQHandler
                0x080006b8                TIM6_DAC_IRQHandler
                0x080006b8                EXTI2_3_IRQHandler
                0x080006b8                I2C2_IRQHandler
                0x080006b8                TIM17_IRQHandler
                0x080006b8                CEC_CAN_IRQHandler
                0x080006b8                RTC_IRQHandler
                0x080006b8                TIM16_IRQHandler
                0x080006b8                TIM3_IRQHandler
                0x080006b8                EXTI4_15_IRQHandler
                0x080006b8                Default_Handler
                0x080006b8                DMA1_CH2_3_DMA2_CH1_2_IRQHandler
                0x080006b8                TIM14_IRQHandler
                0x080006b8                TIM7_IRQHandler
                0x080006b8                TIM15_IRQHandler
                0x080006b8                EXTI0_1_IRQHandler
                0x080006b8                USB_IRQHandler
                0x080006b8                SPI2_IRQHandler
                0x080006b8                DMA1_CH1_IRQHandler
                0x080006b8                SVC_Handler
                0x080006b8                WWDG_IRQHandler
                0x080006b8                TIM2_IRQHandler
                0x080006b8                ADC_COMP_IRQHandler
                0x080006b8                USART2_IRQHandler
                0x080006b8                USART3_4_5_6_7_8_IRQHandler
                0x080006b8                FLASH_IRQHandler
                0x080006b8                USART1_IRQHandler
                0x080006b8                TIM1_BRK_UP_TRG_COM_IRQHandler
 *fill*         0x080006ba        0x2 
 .text.__errno  0x080006bc        0xc c:/users/willo/ac6/systemworkbench/plugins/fr.ac6.mcu.externaltools.arm-none.win32_1.17.0.201812190825/tools/compiler/bin/../lib/gcc/arm-none-eabi/7.3.1/../../../../arm-none-eabi/lib/thumb/v6-m\libc.a(lib_a-errno.o)
                0x080006bc                __errno
 .text.__libc_init_array
                0x080006c8       0x48 c:/users/willo/ac6/systemworkbench/plugins/fr.ac6.mcu.externaltools.arm-none.win32_1.17.0.201812190825/tools/compiler/bin/../lib/gcc/arm-none-eabi/7.3.1/../../../../arm-none-eabi/lib/thumb/v6-m\libc.a(lib_a-init.o)
                0x080006c8                __libc_init_array
 .text.wait     0x08000710       0x14 c:/users/willo/ac6/systemworkbench/plugins/fr.ac6.mcu.externaltools.arm-none.win32_1.17.0.201812190825/tools/compiler/bin/../lib/gcc/arm-none-eabi/7.3.1/../../../../arm-none-eabi/lib/thumb/v6-m\libc.a(lib_a-syswait.o)
                0x08000710                wait
 .text.startup.register_fini
                0x08000724       0x18 c:/users/willo/ac6/systemworkbench/plugins/fr.ac6.mcu.externaltools.arm-none.win32_1.17.0.201812190825/tools/compiler/bin/../lib/gcc/arm-none-eabi/7.3.1/../../../../arm-none-eabi/lib/thumb/v6-m\libc.a(lib_a-__call_atexit.o)
 .text.atexit   0x0800073c       0x10 c:/users/willo/ac6/systemworkbench/plugins/fr.ac6.mcu.externaltools.arm-none.win32_1.17.0.201812190825/tools/compiler/bin/../lib/gcc/arm-none-eabi/7.3.1/../../../../arm-none-eabi/lib/thumb/v6-m\libc.a(lib_a-atexit.o)
                0x0800073c                atexit
 .text._wait_r  0x0800074c       0x24 c:/users/willo/ac6/systemworkbench/plugins/fr.ac6.mcu.externaltools.arm-none.win32_1.17.0.201812190825/tools/compiler/bin/../lib/gcc/arm-none-eabi/7.3.1/../../../../arm-none-eabi/lib/thumb/v6-m\libc.a(lib_a-execr.o)
                0x0800074c                _wait_r
 .text.__libc_fini_array
                0x08000770       0x34 c:/users/willo/ac6/systemworkbench/plugins/fr.ac6.mcu.externaltools.arm-none.win32_1.17.0.201812190825/tools/compiler/bin/../lib/gcc/arm-none-eabi/7.3.1/../../../../arm-none-eabi/lib/thumb/v6-m\libc.a(lib_a-fini.o)
                0x08000770                __libc_fini_array
 .text.__retarget_lock_acquire_recursive
                0x080007a4        0x4 c:/users/willo/ac6/systemworkbench/plugins/fr.ac6.mcu.externaltools.arm-none.win32_1.17.0.201812190825/tools/compiler/bin/../lib/gcc/arm-none-eabi/7.3.1/../../../../arm-none-eabi/lib/thumb/v6-m\libc.a(lib_a-lock.o)
                0x080007a4                __retarget_lock_acquire_recursive
 .text.__retarget_lock_release_recursive
                0x080007a8        0x4 c:/users/willo/ac6/systemworkbench/plugins/fr.ac6.mcu.externaltools.arm-none.win32_1.17.0.201812190825/tools/compiler/bin/../lib/gcc/arm-none-eabi/7.3.1/../../../../arm-none-eabi/lib/thumb/v6-m\libc.a(lib_a-lock.o)
                0x080007a8                __retarget_lock_release_recursive
 .text.__register_exitproc
                0x080007ac       0xf4 c:/users/willo/ac6/systemworkbench/plugins/fr.ac6.mcu.externaltools.arm-none.win32_1.17.0.201812190825/tools/compiler/bin/../lib/gcc/arm-none-eabi/7.3.1/../../../../arm-none-eabi/lib/thumb/v6-m\libc.a(lib_a-__atexit.o)
                0x080007ac                __register_exitproc
 *(.glue_7)
 .glue_7        0x080008a0        0x0 linker stubs
 *(.glue_7t)
 .glue_7t       0x080008a0        0x0 linker stubs
 *(.eh_frame)
 .eh_frame      0x080008a0        0x0 c:/users/willo/ac6/systemworkbench/plugins/fr.ac6.mcu.externaltools.arm-none.win32_1.17.0.201812190825/tools/compiler/bin/../lib/gcc/arm-none-eabi/7.3.1/thumb/v6-m/crtbegin.o
 *(.init)
 .init          0x080008a0        0x4 c:/users/willo/ac6/systemworkbench/plugins/fr.ac6.mcu.externaltools.arm-none.win32_1.17.0.201812190825/tools/compiler/bin/../lib/gcc/arm-none-eabi/7.3.1/thumb/v6-m/crti.o
                0x080008a0                _init
 .init          0x080008a4        0x8 c:/users/willo/ac6/systemworkbench/plugins/fr.ac6.mcu.externaltools.arm-none.win32_1.17.0.201812190825/tools/compiler/bin/../lib/gcc/arm-none-eabi/7.3.1/thumb/v6-m/crtn.o
 *(.fini)
 .fini          0x080008ac        0x4 c:/users/willo/ac6/systemworkbench/plugins/fr.ac6.mcu.externaltools.arm-none.win32_1.17.0.201812190825/tools/compiler/bin/../lib/gcc/arm-none-eabi/7.3.1/thumb/v6-m/crti.o
                0x080008ac                _fini
 .fini          0x080008b0        0x8 c:/users/willo/ac6/systemworkbench/plugins/fr.ac6.mcu.externaltools.arm-none.win32_1.17.0.201812190825/tools/compiler/bin/../lib/gcc/arm-none-eabi/7.3.1/thumb/v6-m/crtn.o
                0x080008b8                . = ALIGN (0x4)
                0x080008b8                _etext = .

.vfp11_veneer   0x080008b8        0x0
 .vfp11_veneer  0x080008b8        0x0 linker stubs

.v4_bx          0x080008b8        0x0
 .v4_bx         0x080008b8        0x0 linker stubs

.iplt           0x080008b8        0x0
 .iplt          0x080008b8        0x0 c:/users/willo/ac6/systemworkbench/plugins/fr.ac6.mcu.externaltools.arm-none.win32_1.17.0.201812190825/tools/compiler/bin/../lib/gcc/arm-none-eabi/7.3.1/thumb/v6-m/crtbegin.o

.rodata         0x080008b8        0x4
                0x080008b8                . = ALIGN (0x4)
 *(.rodata)
 *(.rodata*)
 .rodata._global_impure_ptr
                0x080008b8        0x4 c:/users/willo/ac6/systemworkbench/plugins/fr.ac6.mcu.externaltools.arm-none.win32_1.17.0.201812190825/tools/compiler/bin/../lib/gcc/arm-none-eabi/7.3.1/../../../../arm-none-eabi/lib/thumb/v6-m\libc.a(lib_a-impure.o)
                0x080008b8                _global_impure_ptr
                0x080008bc                . = ALIGN (0x4)

.rel.dyn        0x080008bc        0x0
 .rel.iplt      0x080008bc        0x0 c:/users/willo/ac6/systemworkbench/plugins/fr.ac6.mcu.externaltools.arm-none.win32_1.17.0.201812190825/tools/compiler/bin/../lib/gcc/arm-none-eabi/7.3.1/thumb/v6-m/crtbegin.o

.ARM.extab      0x080008bc        0x0
                0x080008bc                . = ALIGN (0x4)
 *(.ARM.extab* .gnu.linkonce.armextab.*)
                0x080008bc                . = ALIGN (0x4)

.ARM            0x080008bc        0x0
                0x080008bc                . = ALIGN (0x4)
                0x080008bc                __exidx_start = .
 *(.ARM.exidx*)
                0x080008bc                __exidx_end = .
                0x080008bc                . = ALIGN (0x4)

.preinit_array  0x080008bc        0x0
                0x080008bc                . = ALIGN (0x4)
                0x080008bc                PROVIDE (__preinit_array_start = .)
 *(.preinit_array*)
                0x080008bc                PROVIDE (__preinit_array_end = .)
                0x080008bc                . = ALIGN (0x4)

.init_array     0x080008bc        0x8
                0x080008bc                . = ALIGN (0x4)
                0x080008bc                PROVIDE (__init_array_start = .)
 *(SORT_BY_NAME(.init_array.*))
 .init_array.00000
                0x080008bc        0x4 c:/users/willo/ac6/systemworkbench/plugins/fr.ac6.mcu.externaltools.arm-none.win32_1.17.0.201812190825/tools/compiler/bin/../lib/gcc/arm-none-eabi/7.3.1/../../../../arm-none-eabi/lib/thumb/v6-m\libc.a(lib_a-__call_atexit.o)
 *(.init_array*)
 .init_array    0x080008c0        0x4 c:/users/willo/ac6/systemworkbench/plugins/fr.ac6.mcu.externaltools.arm-none.win32_1.17.0.201812190825/tools/compiler/bin/../lib/gcc/arm-none-eabi/7.3.1/thumb/v6-m/crtbegin.o
                0x080008c4                PROVIDE (__init_array_end = .)
                0x080008c4                . = ALIGN (0x4)

.fini_array     0x080008c4        0x4
                0x080008c4                . = ALIGN (0x4)
                0x080008c4                PROVIDE (__fini_array_start = .)
 *(SORT_BY_NAME(.fini_array.*))
 *(.fini_array*)
 .fini_array    0x080008c4        0x4 c:/users/willo/ac6/systemworkbench/plugins/fr.ac6.mcu.externaltools.arm-none.win32_1.17.0.201812190825/tools/compiler/bin/../lib/gcc/arm-none-eabi/7.3.1/thumb/v6-m/crtbegin.o
                0x080008c8                PROVIDE (__fini_array_end = .)
                0x080008c8                . = ALIGN (0x4)
                0x080008c8                _sidata = LOADADDR (.data)

.data           0x20000000      0x434 load address 0x080008c8
                0x20000000                . = ALIGN (0x4)
                0x20000000                _sdata = .
 *(.data)
 *(.data*)
 .data._impure_ptr
                0x20000000        0x4 c:/users/willo/ac6/systemworkbench/plugins/fr.ac6.mcu.externaltools.arm-none.win32_1.17.0.201812190825/tools/compiler/bin/../lib/gcc/arm-none-eabi/7.3.1/../../../../arm-none-eabi/lib/thumb/v6-m\libc.a(lib_a-impure.o)
                0x20000000                _impure_ptr
 *fill*         0x20000004        0x4 
 .data.impure_data
                0x20000008      0x428 c:/users/willo/ac6/systemworkbench/plugins/fr.ac6.mcu.externaltools.arm-none.win32_1.17.0.201812190825/tools/compiler/bin/../lib/gcc/arm-none-eabi/7.3.1/../../../../arm-none-eabi/lib/thumb/v6-m\libc.a(lib_a-impure.o)
 .data.__atexit_recursive_mutex
                0x20000430        0x4 c:/users/willo/ac6/systemworkbench/plugins/fr.ac6.mcu.externaltools.arm-none.win32_1.17.0.201812190825/tools/compiler/bin/../lib/gcc/arm-none-eabi/7.3.1/../../../../arm-none-eabi/lib/thumb/v6-m\libc.a(lib_a-__call_atexit.o)
                0x20000430                __atexit_recursive_mutex
                0x20000434                . = ALIGN (0x4)
                0x20000434                _edata = .

.igot.plt       0x20000434        0x0 load address 0x08000cfc
 .igot.plt      0x20000434        0x0 c:/users/willo/ac6/systemworkbench/plugins/fr.ac6.mcu.externaltools.arm-none.win32_1.17.0.201812190825/tools/compiler/bin/../lib/gcc/arm-none-eabi/7.3.1/thumb/v6-m/crtbegin.o
                0x20000434                . = ALIGN (0x4)

.bss            0x20000434       0x44 load address 0x08000cfc
                0x20000434                _sbss = .
                0x20000434                __bss_start__ = _sbss
 *(.bss)
 .bss           0x20000434       0x1c c:/users/willo/ac6/systemworkbench/plugins/fr.ac6.mcu.externaltools.arm-none.win32_1.17.0.201812190825/tools/compiler/bin/../lib/gcc/arm-none-eabi/7.3.1/thumb/v6-m/crtbegin.o
 *(.bss*)
 *(COMMON)
 COMMON         0x20000450       0x21 c:/users/willo/ac6/systemworkbench/plugins/fr.ac6.mcu.externaltools.arm-none.win32_1.17.0.201812190825/tools/compiler/bin/../lib/gcc/arm-none-eabi/7.3.1/../../../../arm-none-eabi/lib/thumb/v6-m\libc.a(lib_a-lock.o)
                0x20000450                __lock___atexit_recursive_mutex
                0x20000454                __lock___arc4random_mutex
                0x20000458                __lock___env_recursive_mutex
                0x2000045c                __lock___sinit_recursive_mutex
                0x20000460                __lock___malloc_recursive_mutex
                0x20000464                __lock___at_quick_exit_mutex
                0x20000468                __lock___dd_hash_mutex
                0x2000046c                __lock___tz_mutex
                0x20000470                __lock___sfp_recursive_mutex
 *fill*         0x20000471        0x3 
 COMMON         0x20000474        0x4 c:/users/willo/ac6/systemworkbench/plugins/fr.ac6.mcu.externaltools.arm-none.win32_1.17.0.201812190825/tools/compiler/bin/../lib/gcc/arm-none-eabi/7.3.1/../../../../arm-none-eabi/lib/thumb/v6-m\libc.a(lib_a-reent.o)
                0x20000474                errno
                0x20000478                . = ALIGN (0x4)
                0x20000478                _ebss = .
                0x20000478                __bss_end__ = _ebss

._user_heap_stack
                0x20000478      0x400 load address 0x08000cfc
                0x20000478                . = ALIGN (0x8)
                0x20000478                PROVIDE (end = .)
                [!provide]                PROVIDE (_end = .)
                0x20000478                . = (. + _Min_Heap_Size)
                0x20000878                . = (. + _Min_Stack_Size)
 *fill*         0x20000478      0x400 
                0x20000878                . = ALIGN (0x8)

/DISCARD/
 libc.a(*)
 libm.a(*)
 libgcc.a(*)

.ARM.attributes
                0x00000000       0x28
 *(.ARM.attributes)
 .ARM.attributes
                0x00000000       0x1e c:/users/willo/ac6/systemworkbench/plugins/fr.ac6.mcu.externaltools.arm-none.win32_1.17.0.201812190825/tools/compiler/bin/../lib/gcc/arm-none-eabi/7.3.1/thumb/v6-m/crti.o
 .ARM.attributes
                0x0000001e       0x2c c:/users/willo/ac6/systemworkbench/plugins/fr.ac6.mcu.externaltools.arm-none.win32_1.17.0.201812190825/tools/compiler/bin/../lib/gcc/arm-none-eabi/7.3.1/thumb/v6-m/crtbegin.o
 .ARM.attributes
                0x0000004a       0x31 src/main.o
 .ARM.attributes
                0x0000007b       0x31 src/syscalls.o
 .ARM.attributes
                0x000000ac       0x31 src/system_stm32f0xx.o
 .ARM.attributes
                0x000000dd       0x21 startup/startup_stm32.o
 .ARM.attributes
                0x000000fe       0x1e c:/users/willo/ac6/systemworkbench/plugins/fr.ac6.mcu.externaltools.arm-none.win32_1.17.0.201812190825/tools/compiler/bin/../lib/gcc/arm-none-eabi/7.3.1/thumb/v6-m\libgcc.a(_udivsi3.o)
 .ARM.attributes
                0x0000011c       0x1e c:/users/willo/ac6/systemworkbench/plugins/fr.ac6.mcu.externaltools.arm-none.win32_1.17.0.201812190825/tools/compiler/bin/../lib/gcc/arm-none-eabi/7.3.1/thumb/v6-m\libgcc.a(_dvmd_tls.o)
 .ARM.attributes
                0x0000013a       0x2c c:/users/willo/ac6/systemworkbench/plugins/fr.ac6.mcu.externaltools.arm-none.win32_1.17.0.201812190825/tools/compiler/bin/../lib/gcc/arm-none-eabi/7.3.1/../../../../arm-none-eabi/lib/thumb/v6-m\libc.a(lib_a-errno.o)
 .ARM.attributes
                0x00000166       0x2c c:/users/willo/ac6/systemworkbench/plugins/fr.ac6.mcu.externaltools.arm-none.win32_1.17.0.201812190825/tools/compiler/bin/../lib/gcc/arm-none-eabi/7.3.1/../../../../arm-none-eabi/lib/thumb/v6-m\libc.a(lib_a-impure.o)
 .ARM.attributes
                0x00000192       0x2c c:/users/willo/ac6/systemworkbench/plugins/fr.ac6.mcu.externaltools.arm-none.win32_1.17.0.201812190825/tools/compiler/bin/../lib/gcc/arm-none-eabi/7.3.1/../../../../arm-none-eabi/lib/thumb/v6-m\libc.a(lib_a-init.o)
 .ARM.attributes
                0x000001be       0x2c c:/users/willo/ac6/systemworkbench/plugins/fr.ac6.mcu.externaltools.arm-none.win32_1.17.0.201812190825/tools/compiler/bin/../lib/gcc/arm-none-eabi/7.3.1/../../../../arm-none-eabi/lib/thumb/v6-m\libc.a(lib_a-syswait.o)
 .ARM.attributes
                0x000001ea       0x2c c:/users/willo/ac6/systemworkbench/plugins/fr.ac6.mcu.externaltools.arm-none.win32_1.17.0.201812190825/tools/compiler/bin/../lib/gcc/arm-none-eabi/7.3.1/../../../../arm-none-eabi/lib/thumb/v6-m\libc.a(lib_a-__call_atexit.o)
 .ARM.attributes
                0x00000216       0x2c c:/users/willo/ac6/systemworkbench/plugins/fr.ac6.mcu.externaltools.arm-none.win32_1.17.0.201812190825/tools/compiler/bin/../lib/gcc/arm-none-eabi/7.3.1/../../../../arm-none-eabi/lib/thumb/v6-m\libc.a(lib_a-atexit.o)
 .ARM.attributes
                0x00000242       0x2c c:/users/willo/ac6/systemworkbench/plugins/fr.ac6.mcu.externaltools.arm-none.win32_1.17.0.201812190825/tools/compiler/bin/../lib/gcc/arm-none-eabi/7.3.1/../../../../arm-none-eabi/lib/thumb/v6-m\libc.a(lib_a-execr.o)
 .ARM.attributes
                0x0000026e       0x2c c:/users/willo/ac6/systemworkbench/plugins/fr.ac6.mcu.externaltools.arm-none.win32_1.17.0.201812190825/tools/compiler/bin/../lib/gcc/arm-none-eabi/7.3.1/../../../../arm-none-eabi/lib/thumb/v6-m\libc.a(lib_a-fini.o)
 .ARM.attributes
                0x0000029a       0x2c c:/users/willo/ac6/systemworkbench/plugins/fr.ac6.mcu.externaltools.arm-none.win32_1.17.0.201812190825/tools/compiler/bin/../lib/gcc/arm-none-eabi/7.3.1/../../../../arm-none-eabi/lib/thumb/v6-m\libc.a(lib_a-lock.o)
 .ARM.attributes
                0x000002c6       0x2c c:/users/willo/ac6/systemworkbench/plugins/fr.ac6.mcu.externaltools.arm-none.win32_1.17.0.201812190825/tools/compiler/bin/../lib/gcc/arm-none-eabi/7.3.1/../../../../arm-none-eabi/lib/thumb/v6-m\libc.a(lib_a-reent.o)
 .ARM.attributes
                0x000002f2       0x2c c:/users/willo/ac6/systemworkbench/plugins/fr.ac6.mcu.externaltools.arm-none.win32_1.17.0.201812190825/tools/compiler/bin/../lib/gcc/arm-none-eabi/7.3.1/../../../../arm-none-eabi/lib/thumb/v6-m\libc.a(lib_a-__atexit.o)
 .ARM.attributes
                0x0000031e       0x1e c:/users/willo/ac6/systemworkbench/plugins/fr.ac6.mcu.externaltools.arm-none.win32_1.17.0.201812190825/tools/compiler/bin/../lib/gcc/arm-none-eabi/7.3.1/thumb/v6-m/crtn.o
OUTPUT(bozo.elf elf32-littlearm)

.debug_info     0x00000000     0x1660
 .debug_info    0x00000000      0x40a src/main.o
 .debug_info    0x0000040a      0xf2e src/syscalls.o
 .debug_info    0x00001338      0x306 src/system_stm32f0xx.o
 .debug_info    0x0000163e       0x22 startup/startup_stm32.o

.debug_abbrev   0x00000000      0x50a
 .debug_abbrev  0x00000000       0xf3 src/main.o
 .debug_abbrev  0x000000f3      0x2aa src/syscalls.o
 .debug_abbrev  0x0000039d      0x15b src/system_stm32f0xx.o
 .debug_abbrev  0x000004f8       0x12 startup/startup_stm32.o

.debug_aranges  0x00000000      0x128
 .debug_aranges
                0x00000000       0x20 src/main.o
 .debug_aranges
                0x00000020       0xb0 src/syscalls.o
 .debug_aranges
                0x000000d0       0x30 src/system_stm32f0xx.o
 .debug_aranges
                0x00000100       0x28 startup/startup_stm32.o

.debug_ranges   0x00000000       0xf0
 .debug_ranges  0x00000000       0x10 src/main.o
 .debug_ranges  0x00000010       0xa0 src/syscalls.o
 .debug_ranges  0x000000b0       0x20 src/system_stm32f0xx.o
 .debug_ranges  0x000000d0       0x20 startup/startup_stm32.o

.debug_macro    0x00000000     0x18ad
 .debug_macro   0x00000000      0x189 src/main.o
 .debug_macro   0x00000189      0x243 src/syscalls.o
 .debug_macro   0x000003cc       0x58 src/syscalls.o
 .debug_macro   0x00000424       0x18 src/syscalls.o
 .debug_macro   0x0000043c       0x94 src/syscalls.o
 .debug_macro   0x000004d0       0x35 src/syscalls.o
 .debug_macro   0x00000505       0x34 src/syscalls.o
 .debug_macro   0x00000539       0x57 src/syscalls.o
 .debug_macro   0x00000590      0x174 src/syscalls.o
 .debug_macro   0x00000704      0x330 src/syscalls.o
 .debug_macro   0x00000a34       0x58 src/syscalls.o
 .debug_macro   0x00000a8c       0x1f src/syscalls.o
 .debug_macro   0x00000aab       0x43 src/syscalls.o
 .debug_macro   0x00000aee       0x20 src/syscalls.o
 .debug_macro   0x00000b0e      0x18e src/syscalls.o
 .debug_macro   0x00000c9c       0x10 src/syscalls.o
 .debug_macro   0x00000cac       0x35 src/syscalls.o
 .debug_macro   0x00000ce1       0x10 src/syscalls.o
 .debug_macro   0x00000cf1       0x10 src/syscalls.o
 .debug_macro   0x00000d01       0x10 src/syscalls.o
 .debug_macro   0x00000d11       0x1c src/syscalls.o
 .debug_macro   0x00000d2d       0x52 src/syscalls.o
 .debug_macro   0x00000d7f       0x40 src/syscalls.o
 .debug_macro   0x00000dbf       0x10 src/syscalls.o
 .debug_macro   0x00000dcf       0x40 src/syscalls.o
 .debug_macro   0x00000e0f       0xd7 src/syscalls.o
 .debug_macro   0x00000ee6       0x1c src/syscalls.o
 .debug_macro   0x00000f02       0x3d src/syscalls.o
 .debug_macro   0x00000f3f       0x35 src/syscalls.o
 .debug_macro   0x00000f74      0x122 src/syscalls.o
 .debug_macro   0x00001096       0x16 src/syscalls.o
 .debug_macro   0x000010ac       0x16 src/syscalls.o
 .debug_macro   0x000010c2       0x29 src/syscalls.o
 .debug_macro   0x000010eb       0x10 src/syscalls.o
 .debug_macro   0x000010fb      0x241 src/syscalls.o
 .debug_macro   0x0000133c       0x1c src/syscalls.o
 .debug_macro   0x00001358       0x10 src/syscalls.o
 .debug_macro   0x00001368       0x10 src/syscalls.o
 .debug_macro   0x00001378       0x16 src/syscalls.o
 .debug_macro   0x0000138e      0x16f src/syscalls.o
 .debug_macro   0x000014fd      0x189 src/syscalls.o
 .debug_macro   0x00001686       0x16 src/syscalls.o
 .debug_macro   0x0000169c       0x88 src/syscalls.o
 .debug_macro   0x00001724      0x189 src/system_stm32f0xx.o

.debug_line     0x00000000     0x12c3
 .debug_line    0x00000000      0x610 src/main.o
 .debug_line    0x00000610      0x60f src/syscalls.o
 .debug_line    0x00000c1f      0x628 src/system_stm32f0xx.o
 .debug_line    0x00001247       0x7c startup/startup_stm32.o

.debug_str      0x00000000    0x4fc2f
 .debug_str     0x00000000    0x4a92b src/main.o
                              0x4aab4 (size before relaxing)
 .debug_str     0x0004a92b     0x5219 src/syscalls.o
                               0x84df (size before relaxing)
 .debug_str     0x0004fb44       0xc2 src/system_stm32f0xx.o
                              0x4aa87 (size before relaxing)
 .debug_str     0x0004fc06       0x29 startup/startup_stm32.o
                                 0x4d (size before relaxing)

.comment        0x00000000       0x7f
 .comment       0x00000000       0x7f src/main.o
                                 0x80 (size before relaxing)
 .comment       0x0000007f       0x80 src/syscalls.o
 .comment       0x0000007f       0x80 src/system_stm32f0xx.o

.debug_frame    0x00000000      0x5d4
 .debug_frame   0x00000000       0x30 src/main.o
 .debug_frame   0x00000030      0x264 src/syscalls.o
 .debug_frame   0x00000294       0x6c src/system_stm32f0xx.o
 .debug_frame   0x00000300       0x20 c:/users/willo/ac6/systemworkbench/plugins/fr.ac6.mcu.externaltools.arm-none.win32_1.17.0.201812190825/tools/compiler/bin/../lib/gcc/arm-none-eabi/7.3.1/thumb/v6-m\libgcc.a(_udivsi3.o)
 .debug_frame   0x00000320       0x20 c:/users/willo/ac6/systemworkbench/plugins/fr.ac6.mcu.externaltools.arm-none.win32_1.17.0.201812190825/tools/compiler/bin/../lib/gcc/arm-none-eabi/7.3.1/../../../../arm-none-eabi/lib/thumb/v6-m\libc.a(lib_a-errno.o)
 .debug_frame   0x00000340       0x2c c:/users/willo/ac6/systemworkbench/plugins/fr.ac6.mcu.externaltools.arm-none.win32_1.17.0.201812190825/tools/compiler/bin/../lib/gcc/arm-none-eabi/7.3.1/../../../../arm-none-eabi/lib/thumb/v6-m\libc.a(lib_a-init.o)
 .debug_frame   0x0000036c       0x28 c:/users/willo/ac6/systemworkbench/plugins/fr.ac6.mcu.externaltools.arm-none.win32_1.17.0.201812190825/tools/compiler/bin/../lib/gcc/arm-none-eabi/7.3.1/../../../../arm-none-eabi/lib/thumb/v6-m\libc.a(lib_a-syswait.o)
 .debug_frame   0x00000394       0x54 c:/users/willo/ac6/systemworkbench/plugins/fr.ac6.mcu.externaltools.arm-none.win32_1.17.0.201812190825/tools/compiler/bin/../lib/gcc/arm-none-eabi/7.3.1/../../../../arm-none-eabi/lib/thumb/v6-m\libc.a(lib_a-__call_atexit.o)
 .debug_frame   0x000003e8       0x28 c:/users/willo/ac6/systemworkbench/plugins/fr.ac6.mcu.externaltools.arm-none.win32_1.17.0.201812190825/tools/compiler/bin/../lib/gcc/arm-none-eabi/7.3.1/../../../../arm-none-eabi/lib/thumb/v6-m\libc.a(lib_a-atexit.o)
 .debug_frame   0x00000410       0x64 c:/users/willo/ac6/systemworkbench/plugins/fr.ac6.mcu.externaltools.arm-none.win32_1.17.0.201812190825/tools/compiler/bin/../lib/gcc/arm-none-eabi/7.3.1/../../../../arm-none-eabi/lib/thumb/v6-m\libc.a(lib_a-execr.o)
 .debug_frame   0x00000474       0x2c c:/users/willo/ac6/systemworkbench/plugins/fr.ac6.mcu.externaltools.arm-none.win32_1.17.0.201812190825/tools/compiler/bin/../lib/gcc/arm-none-eabi/7.3.1/../../../../arm-none-eabi/lib/thumb/v6-m\libc.a(lib_a-fini.o)
 .debug_frame   0x000004a0       0xb0 c:/users/willo/ac6/systemworkbench/plugins/fr.ac6.mcu.externaltools.arm-none.win32_1.17.0.201812190825/tools/compiler/bin/../lib/gcc/arm-none-eabi/7.3.1/../../../../arm-none-eabi/lib/thumb/v6-m\libc.a(lib_a-lock.o)
 .debug_frame   0x00000550       0x48 c:/users/willo/ac6/systemworkbench/plugins/fr.ac6.mcu.externaltools.arm-none.win32_1.17.0.201812190825/tools/compiler/bin/../lib/gcc/arm-none-eabi/7.3.1/../../../../arm-none-eabi/lib/thumb/v6-m\libc.a(lib_a-reent.o)
 .debug_frame   0x00000598       0x3c c:/users/willo/ac6/systemworkbench/plugins/fr.ac6.mcu.externaltools.arm-none.win32_1.17.0.201812190825/tools/compiler/bin/../lib/gcc/arm-none-eabi/7.3.1/../../../../arm-none-eabi/lib/thumb/v6-m\libc.a(lib_a-__atexit.o)
